
> website-template@0.1.0 build
> next build --webpack

⚠ `images.domains` is deprecated in favor of `images.remotePatterns`. Please update next.config.ts to protect your application from malicious users.
⚠ Warning: Next.js inferred your workspace root, but it may not be correct.
 We detected multiple lockfiles and selected the directory of /home/rasel/package-lock.json as the root directory.
 To silence this warning, set `outputFileTracingRoot` in your Next.js config, or consider removing one of the lockfiles if it's not needed.
   See https://nextjs.org/docs/app/api-reference/config/next-config-js/output#caveats for more information.
 Detected additional lockfiles: 
   * /home/rasel/Rasel/FSD/eltawous/mohamedeltawous-website/package-lock.json

▲ Next.js 16.1.4 (webpack)
- Environments: .env

  Creating an optimized production build ...
✓ Compiled successfully in 5.2s
  Running TypeScript ...
  Collecting page data using 11 workers ...
  Generating static pages using 11 workers (0/22) ...
  Generating static pages using 11 workers (5/22) 
  Generating static pages using 11 workers (10/22) 
  Generating static pages using 11 workers (16/22) 
✓ Generating static pages using 11 workers (22/22) in 753.0ms
{ data: undefined, status: 'loading', update: [Function: update] }
  Finalizing page optimization ...
  Collecting build traces ...

Route (app)
┌ ○ /
├ ○ /_not-found
├ ○ /about
├ ○ /admin
├ ○ /admin/dashboard-overview
├ ○ /admin/payments
├ ○ /admin/settings
├ ○ /admin/users
├ ƒ /api/auth/[...nextauth]
├ ƒ /api/translate
├ ○ /dashboard/dashboard-overview
├ ○ /dashboard/history
├ ○ /dashboard/new-scenario
├ ƒ /dashboard/new-scenario/invite/[token]
├ ○ /dashboard/settings
├ ○ /forgot-password
├ ○ /how-it-works
├ ƒ /invite/[token]
├ ○ /login
├ ○ /pricing
├ ○ /privacy
├ ○ /refund
└ ○ /verify-email


○  (Static)   prerendered as static content
ƒ  (Dynamic)  server-rendered on demand

